mainmenu mainmenu
file mainmenu
a file
w-est. a
a2. a
a3. a
a4. a
w-estc. a
a5. a
a6. a
a7. a
a8. a
ar a
ar1. ar
ar2. ar
ar3. ar
ar4. ar
r-est. ar
ar6. ar
ar7. ar
af a
mach. af
stylef. af
stylec. af
boxdes. af
st-pattn. af
st-size. af
flute. af
prep. af
ce-ctrl. af
carrier. af
routing. af
b file
b1 b
b11. b1
b12. b1
b13. b1
b14. b1
b15. b1
b16. b1
b17. b1
b18. b1
b19. b1
b1a. b1
b2 b
b21. b2
b22. b2
b23. b2
b24. b2
b3 b
b31. b3
b32. b3
b33. b3
b34. b3
b35. b3
b36. b3
b4 b
b41. b4
b42. b4
b43. b4
b44. b4
b45. b4
b5 b
b51. b5
b52. b5
b53. b5
b6. b
bi b
bi1. bi
bi2. bi
bi3. bi
bi4. bi
br b
br1. br
br2. br
br3. br
br4. br
br5. br
br6. br
br7. br
br8. br
br9. br
bra. br
brb. br
bf b
cust. bf
oe-ctrl. bf
oe-prmtx. bf
c file
c1 c
w-rcpt. c1
w-issue. c1
w-trans. c1
w-rmadj. c1
c15. c1
postall. c1
c19. c1
c2 c
c21. c2
c22. c2
c23. c2
c24. c2
c3. c
c6. c
ci c
ci1. ci
ci2. ci
ci3. ci
cr c
cr1. cr
cr2. cr
cr3. cr
cr4. cr
cr5. cr
cr6. cr
cf c
item. cf
w-item. cf
procat. cf
costtype. cf
cf4. cf
rm-ctrl. cf
loc. cf
d file
d1 d
fg-rcpt. d1
d12. d1
fg-trans. d1
fg-fgadj. d1
d15. d1
fgpstall. d1
d19. d1
d2 d
d21. d2
d22. d2
d23. d2
d24. d2
d6. d
di d
di1. di
di2. di
di3. di
di4. di
di5. di
dr d
dr1. dr
dr2. dr
dr3. dr
dr4. dr
dr5. dr
dr6. dr
dr7. dr
dr8. dr
dr9. dr
dra. dr
drb. dr
drc. dr
drd. dr
dre. dr
drf. dr
drg. dr
drh. dr
dri. dr
df d
itemfg. df
fg-ctrl. df
df4. df
fgcat. df
loc. df
df7. df
e file
e1. e
e2. e
e3. e
e4. e
e5. e
e6. e
e7. e
e8. e
e9. e
er e
er1. er
er2. er
f file
f1 f
f11. f1
f12. f1
f13. f1
f2 f
f21. f2
f22. f2
f23. f2
f3. f
fi f
fi1. fi
fi2. fi
fr f
fr1. fr
fr2. fr
fr3. fr
fr4. fr
fr5. fr
fr6. fr
fr7. fr
fr8. fr
fr9. fr
fra. fr
ff f
g file
g1. g
g2. g
g3. g
h file
h1. h
h2. h
h3 h
h31. h3
h32. h3
h33. h3
h4. h
hi h
hi1. hi
hi2. hi
hr h
hr1. hr
hr2. hr
hr3. hr
hr4. hr
hr5. hr
hr6. hr
hr7. hr
hr8. hr
hr9. hr
hra. hr
hrb. hr
hf h
job-code. hf
jc-ctrl. hf
prod. hf
i file
i1 i
i11. i1
i12. i1
i13. i1
i14. i1
i15. i1
ii i
ii1. ii
ir i
ir1. ir
ir2. ir
ir3. ir
ir4. ir
ir5. ir
ir6. ir
ir7. ir
if i
rejct-cd. if
po-ctrl. if
j file
j1 j
j11. j1
j12. j1
j13. j1
j14. j1
j2 j
j21. j2
j22. j2
j23. j2
j24. j2
j3 j
j31. j3
j32. j3
j33. j3
j34. j3
j35. j3
j36. j3
j4. j
ji j
ji1. ji
jr j
jr1. jr
jr2. jr
jr3. jr
jr4. jr
jr5. jr
jr6. jr
jr7. jr
jr8. jr
jr9. jr
jra. jr
jf j
cust. jf
custype. jf
sman. jf
terms. jf
terr. jf
stax. jf
ar-ctrl. jf
carrier. jf
k file
k1 k
k11. k1
k12. k1
k2 k
k21. k2
k22. k2
k3 k
k31. k3
k32. k3
k33. k3
k4 k
k41. k4
k42. k4
k43. k4
k44. k4
k45. k4
k5 k
k51. k5
k52. k5
k53. k5
k6 k
k61. k6
k62. k6
k63. k6
ki k
ki1. ki
kr k
kr1. kr
kr2. kr
kr3. kr
kr4. kr
kr5. kr
kr6. kr
kr7. kr
kr8. kr
kr9. kr
kra. kr
kf k
vend. kf
terms. kf
stax. kf
ventype. kf
buyer. kf
ap-ctrl. kf
l file
l1 l
l11. l1
l12. l1
l13. l1
l14. l1
l2. l
l3. l
l4. l
l5 l
l51. l5
l52. l5
l53. l5
li. l
lr l
lr1. lr
lr2. lr
lr3. lr
lr4. lr
lr5. lr
lf l
company. lf
account. lf
gl-ctrl. lf
bank. lf
m file
m1. m
m2. m
m3 m
m31. m3
m32. m3
m33. m3
m34. m3
m35. m3
m36. m3
m37. m3
m4 m
m41. m4
m42. m4
m43. m4
m44. m4
m45. m4
m46. m4
m5 m
m51. m5
m52. m5
m53. m5
m54. m5
m55. m5
m56. m5
m57. m5
m58. m5
m6 m
m61. m6
m62. m6
s file
s1 s
s11. s1
s12. s1
s2 s
s3 s
s21. s2
s22. s2
s23. s2
s24. s2
s25. s2
s26. s2
s27. s2
s28. s2
s29. s2
s2a. s2
s2b. s2
s2c. s2
s2d. s2
s2e. s2
s2f. s2
s2g. s2
s2h. s3
s2i. s3
flutebld. s3
users. s
usergrps. s
access. s
sys-ctrl. s
s9. s
u-fntclr. s
ss s
file. ss
job-cat. ss
mat. ss
dept. ss
matprep. ss
specitem. ss
std-code. ss
uom. ss
statecod. ss
users. ss
sr s
sr1. sr
sr2. sr
RULE file
user mainmenu
comp_loc. user
RULE user
u-fntclr. user
usermenu. user
password. user
RULE user
saddress. user
snotes. user
sphone. user
codes mainmenu
statecod. codes
titlcode. codes
zipcode. codes
RULE codes
codeslist codes
stateco_. codeslist
titlcod_. codeslist
zipcode_. codeslist
system mainmenu
spool. system
splchkdn. system
RULE system
config. system
parmfile. system
setaudit. system
RULE system
access. system
miscflds. system
prgrms. system
RULE system
usergrps. system
users. system
RULE system
ziploadr. system
RULE system
systemlist system
parmfil_. systemlist
prgrms_. systemlist
usergrp_. systemlist
users_. systemlist
RULE systemlist
audit_. systemlist
track_. systemlist
help mainmenu
help. help
helpcont. help
RULE help
about. help
