Compling companyCopy.p ...
Compling addon\auditprg\sman.p ...
Compling ar\ar-agng1.p ...
Compling ar\ar-agng2.p ...
Compling ar\ar-agng3.p ...
Compling ar\ar-agng4.p ...
Compling ar\ar-agng5.p ...
Compling ar\ar-agng6.p ...
Compling ar\ar-agng7.p ...
Compling ar\ar-agng8.p ...
Compling ar\ar-agng9.p ...
Compling ar\rep\invcentx.p ...
Compling ar\rep\invfrank.p ...
Compling ar\rep\invharwl.p ...
Compling ar\rep\invmidws.p ...
Compling ar\rep\invmwbox.p ...
Compling ar\rep\invoracl.p ...
Compling ar\rep\invpremx.p ...
Compling ar\rep\invxabox.p ...
Compling ar\rep\pastdue1.p ...
Compling ar\rep\pastdue2.p ...
Compling ar\rep\pastdue3.p ...
Compling ar\rep\pastdue4.p ...
Compling ar\rep\pastdue5.p ...
Compling ar\rep\pastdue6.p ...
Compling ar\rep\pastdue7.p ...
Compling ar\rep\pastdue8.p ...
Compling ar\rep\pastdue9.p ...
Compling ce\PRINT4.P ...
Compling ce\box\print42.p ...
Compling ce\com\print4.p ...
Compling ce\tan\print4.p ...
Compling cec\pr4-mcl2.p ...
Compling cec\print4.p ...
Compling cec\box\print42.p ...
Compling cec\com\print4.p ...
Compling cec\quote\prtquo10.p ...
Compling cec\quote\quoabox.p ...
Compling cec\quote\quocentx.p ...
Compling cec\quote\quocorc.p ...
Compling cec\quote\quocsc.p ...
Compling cec\quote\quoelite.p ...
WARNING: More than 1 action code segment used in .\cec\quote\quoelite.r. (9430)
Compling cec\quote\quofibre.p ...
Compling cec\quote\quofrank.p ...
Compling cec\quote\quohawl.p ...
WARNING: More than 1 action code segment used in .\cec\quote\quohawl.r. (9430)
Compling cec\quote\quohop.p ...
Compling cec\quote\quomwest.p ...
Compling cec\quote\quooracl.p ...
Compling cec\quote\quoottpk.p ...
Compling cec\quote\quopacif.p ...
Compling cec\quote\quounipk.p ...
Compling cec\quote\quoxapc.p ...
Compling cec\quote\quoxfib.p ...
Compling cec\quote\quoxprem.p ...
WARNING: More than 1 action code segment used in .\cec\quote\quoxprem.r. (9430)
Compling cec\quote\quoxprnt.p ...
Compling cecrep\jobfibre.p ...
Compling cecrep\jobhughs.p ...
Compling custom\fxreckey.p ...
Compling delete.trg\company.p ...
Compling delete.trg\custom\fxreckey.p ...
Compling lookups\sman.p ...
Compling lookups\sman_.p ...
Compling lstlogic\sman_.p ...
Compling oe\rep\ackcentx.p ...
Compling oe\rep\ackfrank.p ...
Compling oe\rep\ackoracl.p ...
Compling oe\rep\ackottpk.p ...
Compling oe\rep\ackunipk.p ...
Compling oe\rep\ackxapc.p ...
Compling oe\rep\invcentx.p ...
Compling oe\rep\invfrank.p ...
Compling oe\rep\invharwl.p ...
Compling oe\rep\invmidws.p ...
Compling oe\rep\invmwbox.p ...
Compling oe\rep\invoracl.p ...
Compling oe\rep\invpremx.p ...
Compling oe\rep\invxabox.p ...
Compling schedule\objects\loads\ASI\loadBasic.p ...
Compling schedule\objects\loads\ASI\loadPro.p ...
Compling util\fixsname.p ...
Compling util\fxslsman.p ...
Compling addon\windows\contactx.w ...
Compling addon\windows\l-sman.w ...
Compling browsers\sman-mtx.w ...
Compling browsers\sman.w ...
Compling browsers\smanmtrx.w ...
Compling cec\b-test.w ...
Compling est\custfly.w ...
Compling est\r-prcsht.w ...
Compling est\r-quoprt.w ...
Compling est\v-est.w ...
Compling est\v-qthd.w ...
Compling fg\r-invslm.w ...
Compling fgrep\r-invslm.w ...
Compling oe\d-invitm.w ...
Compling oe\v-ord.w ...
** WARNING--TRANSACTION keyword given within actual transaction level. (214)
Compling oerep\r-sched2.w ...
Compling oerep\r-smperf.w ...
Compling salrep\r-hisatk.w ...
Compling salrep\r-hsaldt.w ...
Compling salrep\r-prffrt.w ...
Compling salrep\r-prfinv.w ...
Compling util\fxRecKey.w ...
Compling util\smanmtrx.w ...
Compling viewerid\sman.w ...
Compling viewers\cust.w ...
Compling viewers\sman-mtx.w ...
Compling viewers\sman.w ...
Compling windows\l-sman.w ...
Compling windows\sman.w ...
