mainmenu mainmenu est
file mainmenu est
a file est
w-est. a est
w-estc. a est
w-quote. a est
copyest. a est
w-finest. a est
globquot. a est
saletool. a est
ar a est
r-ctrl. ar
r-mach. ar
r-style. ar
r-prep. ar
r-est. ar
r-quotes. ar
r-prpmat. ar
r-estsiz. ar
r-quolst. ar
r-estmar. ar
af a est
mach. af est
stylef. af est
stylec. af est
boxdes. af est
st-pattn. af est
st-size. af est
flute. af est
prep. af est
ce-ctrl. af est
carrier. af est
routing. af est
scoreType. af est
machatt. af est
custmkup. af est
b file est
b1 b
w-order. b1
r-ordedt. b1
r-ordpst. b1
r-acknow. b1
r-ticket. b1
w-cloord. b1
r-loadtg. b1
r-bolcre. b1
r-fgreq. b1
r-casetg. b1
r-schtck. b1
b2 b
w-oerel. b2
r-reledt. b2
r-relprt. b2
r-relpst. b2
r-trksch. b2
b3 b
w-oebolh. b3
r-boledt. b3
r-bolprt. b3
r-bolmst. b3
r-bolpst. b3
r-bolsum. b3
r-trksch. b3
r-BOLtag. b3
b4 b
w-oeinv. b4
r-invedt. b4
r-invprt. b4
r-inve&p. b4
cXMLCInv. b4
b5 b
w-return. b5
r-rtnedt. b5
r-rtnpst. b5
w-oecred. b
W-oeweb. b
bi b
w-ordinq. bi
w-arinq. bi
w-cusinq. bi
br b
r-backl. br
r-sched. br
r-joblog. br
r-smperf. br
r-booked. br
r-comms. br
r-loadtg. br
r-ordbal. br
r-sched1. br
r-bookdu. br
r-booko#. br
r-sched2. br
r-backl1. br
r-ontime. br
r-frate. br
r-ordopn. br
bz b
r-hots. bz
r-jtickp. bz
r-invcst. bz
r-sched3. bz
r-comprm. bz
r-hotsII. bz
r-Opnord. bz
r-hotsop. bz
r-ordblj. bz
bf b est
cust. bf est
oe-ctrl. bf est
oe-prmtx. bf est
globpric. bf est
copyord. bf est
surcharg. bf est
item-com. bf est
impord. bf est
rejctcdr. bf est
c file est
c1 c
w-rcpt. c1
w-issue. c1
w-trans. c1
w-rmadj. c1
r-rmtedt. c1
r-rmtpst. c1
rmdnegbn. c1
rmloadtg. c1
c2 c
rmglobpr. c
r-rmphct. c2
w-phycnt. c2
r-pce&p. c2
ci c
w-rmiinq. ci
w-rmainq. ci
cr c
r-rmcost. cr
r-reordr. cr
r-ibtag. cr
r-aitem. cr
r-trans. cr
r-vprice. cr
r-mathst. cr
r-inkmch. cr
r-stkrol. cr
r-consum. cr
r-tonmsf. cr
r-inkglu. cr
r-rmroll. cr
r-rmbrd. cr
r-anshpN. cr
cf c est
item. cf est
w-item. cf est
procat. cf est
costtype. cf est
rm-ctrl. cf est
loc. cf est
d file est
d1 d
fg-rcpt. d1
fg-trans. d1
fg-adj. d1
r-edtlst. d1
fgpstmn. d1
del0qtyb. d1
fg-to-rm. d1
fg-cons. d1
fg-jobfm. d1
r-pstran. d1
d2 d
r-cycnt. d2
fg-phys. d2
r-phce&p. d2
r-fgeom. d
di d
w-fgiinq. di
w-fguncm. di
dr d
r-fgrord. dr
r-fgohbb. dr
r-alphls. dr
r-qtyval. dr
r-invslm. dr
r-custim. dr
r-custag. dr
r-ytdcst. dr
r-itmlst. dr
r-fgstat. dr
r-trnord. dr
r-ageinv. dr
r-valjob. dr
r-fgcost. dr
r-fgcst1. dr
dl d
r-qtytot. dl
r-unfgsm. dl
r-unfgdt. dl
r-svsqty. dl
r-invbal. dl
r-fgpstr. dl
r-dlyact. dl
r-stajob. dl
r-reship. dl
r-shpcpn. dl
r-pakdet. dl
r-cusinv. dl
r-valbsc. dl
r-fgwaud. dl
r-agewip. dl
df d est
itemfg. df est
fg-ctrl. df est
fgcat. df est
loc. df est
w-fg-set. df est
fgglobpr. df est
frtclass. df est
e file est
r-period. e
r-detjnl. e
r-saprod. e
r-slmpef. e
r-slmprd. e
r-cusitm. e
r-prfitm. e
r-yeavol. e
r-lastvs. e
r-slsbud. e
eq e
r-dash. eq
r-invmh. eq
r-boomh. eq
r-salrmh. eq
r-prodmh. eq
dbinvmh. eq
er e
r-hisatk. er
r-hsaldt. er
r-prfinv. er
r-prdcat. er
r-itcshp. er
r-shpitm. er
r-shpcar. er
r-prwcst. er
r-cuszip. er
r-mulsrt. er
r-itmcus. er
r-prffrt. er
r-inctsh. er
r-yrtoyr. er
r-slsper. er
r-scomsr. er
g file est
w-prdhj. g
w-prdh. g
g3 g
w-mismat. g3
r-misedt. g3
r-mispst. g3
r-wipedt. g
r-wippst. g
gi g
w-jobinq. gi
gr g
r-maceff. gr
r-mbackl. gr
r-prodep. gr
r-promac. gr
r-depwst. gr
r-actest. gr
r-labest. gr
r-wiplst. gr
r-matall. gr
r-opbdue. gr
r-scrap. gr
r-scrapm. gr
r-jbbym. gr
r-wipstd. gr
r-ontim2. gr
gf g
r-mcheff. gf
r-prodlys. gf
h file est
h2 h
w-jobcst. h2
w-jobapp. h2
callwiptg. h2
w-wipasn. h2
expjobs. h2
w-cldown. h2
impjobs. h2
w-clhist. h2
w-clsjc. h
hi h
w-jobinq. hi
hr h
r-wipaud. hr
r-wipsum. hr
r-jobsum. hr
r-wbyjob. hr
r-clsjob. hr
r-ticket. hr
r-mchcst. hr
r-brdrec. hr
r-jobven. hr
r-bckmch. hr
r-msfkic. hr
r-wipbct. hr
r-jobmsf. hr
r-wiptag. hr
r-fibaud. hr
hl h
r-jobdue. hl
r-backlo. hl
r-totwsa. hl
r-macmsf. hl
r-jobprp. hl
r-jcost. hl
r-wipjob. hl
hf h est
job-code. hf est
jc-ctrl. hf est
prod. hf est
loc. hf est
w-wipmt. hf est
rejctcdj. hf est
q file est
sbView. q
sbPro. q
sbStatus. q
sbReport. q
i file est
i1 i
w-purord. i1
r-poedt. i1
r-poprt. i1
w-clspo. i1
ii i
w-po-inq. ii
ir i
r-sonord. ir
r-schrpt. ir
r-pofghs. ir
r-matjob. ir
r-purvar. ir
r-venanl. ir
r-notvou. ir
r-shpapr. ir
r-pofgh1. ir
r-rctcrd. ir
r-voufgc. ir
r-bomprt. ir
r-qbprpt. ir
r-rschrp. ir
if i est
rejct-cd. if est
po-ctrl. if est
j file est
j1 j
w-arinv. j1
r-ariedt. j1
r-ariprt. j1
r-aripst. j1
repstinv. j1
j2 j
w-dbcr. j2
r-crdbmo. j2
r-dbcrpt. j2
r-dbcr&p. j2
j3 j
w-cash. j3
r-cshe&p. j3
w-mcash. j3
r-mise&p. j3
w-aronac. j3
r-apme&p. j3
w-arvcr. j3
r-vcreg. j3
r-fince. j
ji j
w-arinq. ji
w-cusinq. ji
w-rcminq. ji
w-rcrinq. ji
w-shipto. ji
jr j
r-cust. jr
r-carr. jr
r-stax. jr
r-stmt. jr
r-araged. jr
r-cship. jr
r-mail. jr
r-depsit. jr
r-cashsm. jr
r-cstacc. jr
r-pstdue. jr
r-custt. jr
r-cstshp. jr
r-cshreq. jr
r-commcr. jr
r-cashs2. jr
js j
r-chist. js
r-mishst. js
r-dtlinv. js
jf j est
cust. jf est
custype. jf est
sman. jf est
terms. jf est
terr. jf est
stax. jf est
ar-ctrl. jf est
carrier. jf est
k file est
k1 k
w-apinv. k1
w-apinvr. k1
r-apve&p. k1
k2 k
w-dbcrap. k2
r-dbcrap. k2
k3 k
w-seldue. k3
w-selven. k3
r-selreg. k3
k4 k
r-prnchk. k4
w-manchk. k4
r-chkreg. k4
w-void. k4
r-vdckrg. k4
k5 k
w-reconl. k5
r-recreg. k5
r-recrep. k5
r-loadrc. k5
k6 k
w-apdis. k6
r-apdis. k6
r-apimp. k6
ki k
w-apibal. ki
w-apichk. ki
w-pcminq. ki
w-apinq. ki
kr k
r-vaging. kr
r-cashrq. kr
r-vendan. kr
r-venlst. kr
r-maillt. kr
r-taxmon. kr
r-taxdis. kr
r-mtdsub. kr
r-taxcus. kr
r-v1099. kr
r-venacc. kr
r-veninv. kr
r-venchk. kr
r-1099m. kr
r-glachk. kr
kf k est
vend. kf est
terms. kf est
stax. kf est
ventype. kf est
buyer. kf est
ap-ctrl. kf est
paytype. kf est
l file est
l1 l
w-gljrn. l1
r-glpost. l1
w-gljrnr. l1
r-glimp. l1
r-distrb. l1
r-glmclo. l
r-glyclo. l
r-tribal. l
l5 l
r-fnstmt. l5
w-glrpth. l5
r-glinc. l5
w-glinq. l
lr l
r-chart. lr
r-curdet. lr
r-trnjou. lr
r-invsum. lr
r-glhist. lr
r-postrg. lr
r-postck. lr
r-pstchk. lr
r-glrpt. lr
lf l est
company. lf
account. lf
gl-ctrl. lf
bank. lf
w-ccode. lf
r-impbud. lf
s file est
s1 s est
exp-est. s1 est
imp-est. s1 est
s2 s est
fg-purge. s2 est
arch-est. s2 est
fgonhnd0. s2 est
fgonord0. s2 est
gl-purge. s2 est
ar0purge. s2 est
ordpurge. s2 est
quopurge. s2 est
po-purge. s2 est
fgbinbal. s2 est
jc-purge. s2 est
fghispur. s2 est
purarinv. s2 est
purapinv. s2 est
loadest. s2 est
s3 s est
updest. s3 est
clearrep. s3 est
rm-purge. s3 est
estlabor. s3 est
bldstack. s3 est
w-pricst. s3 est
rmonhto0. s3 est
rm-mkbin. s3 est
prgunrel. s3 est
custpurg. s3 est
crtnotes. s3 est
fxtrncst. s3 est
fxtrncs2. s3 est
acctbtob. s3 est
updvend#. s3 est
user s est
comp_loc. user est
usermenu. user est
users. user est
users_. user est
track_. user est
usergrps. user est
usergrp_. user est
codes s est
emailcod. codes est
statecod. codes est
stateco_. codes est
titlcode. codes est
titlcod_. codes est
zipcode. codes est
zipcode_. codes est
access. s est
s8 s est
sys-ctrl. s8 est
w-head. s8 est
utlookmn. s8 est
wNewLic. s8 est
userCtrl. s8 est
custproc. s est
s11 s est
patchhst. s11 est
updcust#. s11 est
updfgitm. s11 est
invdatef. s11 est
chkdatef. s11 est
smancomm. s11 est
updrmitm. s11 est
updapinv. s11 est
crtfgrec. s11 est
oeinvcst. s11 est
fg-taxed. s11 est
fxinvcst. s11 est
bldfgbin. s11 est
deflocbn. s11 est
setwhsbn. s11 est
shipmeth. s11 est
ss s est
file. ss est
job-cat. ss est
mat. ss est
dept. ss est
matprep. ss est
specitem. ss est
std-code. ss est
uom. ss est
statecod. ss est
holiday. ss est
xref. ss est
sr s est
w-usrprt. sr est
w-batch. sr est
EDIRelBL. sr est
contexp. sr est
wedpotr. sr est
wedpoak. sr est
wedshtr. sr est
impspxml. sr est
wQuery. sr est
system s est
spooler. system est
splchkdn. system est
config. system est
setaudit. system est
audit. system est
access. system est
miscflds. system est
prgrms. system est
prgrms_. system est
parmfile. system est
parmfil_. system est
help mainmenu est
about. help est
aoaRpt. file
aoaDash. file
m file
m1. m
outboundProcess. m
m3 m
eddoc. m3
m32. m3
edivtran. m3
wedshtr. m3
m35. m3
edcat. m3
m37. m3
m4 m
edmast. m4
edcode. m4
edShipTo. m4
edICXRef. m4
edshipvia. m4
edco. m4
edSetID. m4
edPartnerGrp. m4
ediPartnerSegment. m4
m5 m
m51. m5
m52. m5
m53. m5
m54. m5
m55. m5
m56. m5
m57. m5
m58. m5
m6 m
m61. m6
m62. m6
